src/components/agenda/event-details-modal.tsx(23,24): error TS6133: 'Clock' is declared but its value is never read.
src/components/agenda/event-details-modal.tsx(23,52): error TS6133: 'X' is declared but its value is never read.
src/components/agenda/event-modal.tsx(20,1): error TS6133: 'Badge' is declared but its value is never read.
src/components/agenda/event-modal.tsx(22,18): error TS6133: 'Edit2' is declared but its value is never read.
src/components/agenda/event-modal.tsx(39,12): error TS6133: 'isEditing' is declared but its value is never read.
src/components/agenda/event-modal.tsx(39,23): error TS6133: 'setIsEditing' is declared but its value is never read.
src/components/ErrorBoundary.tsx(1,8): error TS6133: 'React' is declared but its value is never read.
src/components/financeiro/new-transaction-modal.tsx(21,24): error TS6133: 'Loader2' is declared but its value is never read.
src/components/frota/new-vehicle-modal.tsx(98,23): error TS6133: 'color' is declared but its value is never read.
src/components/ui/date-range-picker.tsx(3,1): error TS6133: 'React' is declared but its value is never read.
src/pages/Financeiro.tsx(13,16): error TS6133: 'ArrowUpCircle' is declared but its value is never read.
src/pages/Financeiro.tsx(18,5): error TS1484: 'ColumnDef' is a type and must be imported using a type-only import when 'verbatimModuleSyntax' is enabled.
